asdfasdf
as;dfjas]dfjassadlfjaa

dsfklasfja\